// Vitest Snapshot v1, https://vitest.dev/guide/snapshot.html

exports[`TableUtilities > toString 1`] = `
"└── 🌍 World (31)
    ├── nested (31)
    │   ├── USA (7)
    │   │   ├── West (4)
    │   │   │   ├── San Francisco (2)
    │   │   │   │   ├── Mission (50000)
    │   │   │   │   └── SOMA (30000)
    │   │   │   ├── Los Angeles (1)
    │   │   │   │   └── Downtown (60000)
    │   │   │   └── Seattle (1)
    │   │   │       └── Capitol Hill (40000)
    │   │   └── East (3)
    │   │       ├── New York (2)
    │   │       │   ├── Manhattan (100000)
    │   │       │   └── Brooklyn (80000)
    │   │       └── Boston (1)
    │   │           └── Back Bay (35000)
    │   ├── Canada (6)
    │   │   ├── West (3)
    │   │   │   ├── Vancouver (2)
    │   │   │   │   ├── Downtown (45000)
    │   │   │   │   └── Gastown (25000)
    │   │   │   └── Victoria (1)
    │   │   │       └── Inner Harbour (20000)
    │   │   └── East (3)
    │   │       ├── Toronto (2)
    │   │       │   ├── Downtown (90000)
    │   │       │   └── Yorkville (40000)
    │   │       └── Montreal (1)
    │   │           └── Old Montreal (50000)
    │   ├── UK (5)
    │   │   ├── South (3)
    │   │   │   ├── London (2)
    │   │   │   │   ├── Westminster (70000)
    │   │   │   │   └── Camden (55000)
    │   │   │   └── Brighton (1)
    │   │   │       └── North Laine (30000)
    │   │   └── North (2)
    │   │       ├── Manchester (1)
    │   │       │   └── Northern Quarter (45000)
    │   │       └── Edinburgh (1)
    │   │           └── Old Town (40000)
    │   ├── Germany (2)
    │   │   ├── South (1)
    │   │   │   └── Munich (1)
    │   │   │       └── Altstadt (60000)
    │   │   └── North (1)
    │   │       └── Berlin (1)
    │   │           └── Mitte (80000)
    │   └── India (11)
    │       ├── North (3)
    │       │   ├── Delhi (2)
    │       │   │   ├── Connaught Place (120000)
    │       │   │   └── Karol Bagh (95000)
    │       │   └── Chandigarh (1)
    │       │       └── Sector 17 (55000)
    │       ├── West (3)
    │       │   ├── Mumbai (2)
    │       │   │   ├── Colaba (110000)
    │       │   │   └── Bandra (85000)
    │       │   └── Pune (1)
    │       │       └── Koregaon Park (65000)
    │       ├── South (3)
    │       │   ├── Bangalore (2)
    │       │   │   ├── Indiranagar (105000)
    │       │   │   └── Koramangala (90000)
    │       │   └── Chennai (1)
    │       │       └── T Nagar (75000)
    │       └── East (2)
    │           └── Kolkata (2)
    │               ├── Park Street (88000)
    │               └── Salt Lake (70000)
    ├── byCountry (31)
    │   ├── USA (7)
    │   │   ├── Manhattan (100000)
    │   │   ├── Brooklyn (80000)
    │   │   ├── Downtown (60000)
    │   │   ├── Mission (50000)
    │   │   ├── Capitol Hill (40000)
    │   │   ├── Back Bay (35000)
    │   │   └── SOMA (30000)
    │   ├── Canada (6)
    │   │   ├── Downtown (90000)
    │   │   ├── Old Montreal (50000)
    │   │   ├── Downtown (45000)
    │   │   ├── Yorkville (40000)
    │   │   ├── Gastown (25000)
    │   │   └── Inner Harbour (20000)
    │   ├── UK (5)
    │   │   ├── Westminster (70000)
    │   │   ├── Camden (55000)
    │   │   ├── Northern Quarter (45000)
    │   │   ├── Old Town (40000)
    │   │   └── North Laine (30000)
    │   ├── Germany (2)
    │   │   ├── Mitte (80000)
    │   │   └── Altstadt (60000)
    │   └── India (11)
    │       ├── Connaught Place (120000)
    │       ├── Colaba (110000)
    │       ├── Indiranagar (105000)
    │       ├── Karol Bagh (95000)
    │       ├── Koramangala (90000)
    │       ├── Park Street (88000)
    │       ├── Bandra (85000)
    │       ├── T Nagar (75000)
    │       ├── Salt Lake (70000)
    │       ├── Koregaon Park (65000)
    │       └── Sector 17 (55000)
    └── byCity (31)
        ├── San Francisco (2)
        │   ├── Mission (50000)
        │   └── SOMA (30000)
        ├── Los Angeles (1)
        │   └── Downtown (60000)
        ├── Seattle (1)
        │   └── Capitol Hill (40000)
        ├── New York (2)
        │   ├── Manhattan (100000)
        │   └── Brooklyn (80000)
        ├── Boston (1)
        │   └── Back Bay (35000)
        ├── Vancouver (2)
        │   ├── Downtown (45000)
        │   └── Gastown (25000)
        ├── Victoria (1)
        │   └── Inner Harbour (20000)
        ├── Toronto (2)
        │   ├── Downtown (90000)
        │   └── Yorkville (40000)
        ├── Montreal (1)
        │   └── Old Montreal (50000)
        ├── London (2)
        │   ├── Westminster (70000)
        │   └── Camden (55000)
        ├── Brighton (1)
        │   └── North Laine (30000)
        ├── Manchester (1)
        │   └── Northern Quarter (45000)
        ├── Edinburgh (1)
        │   └── Old Town (40000)
        ├── Munich (1)
        │   └── Altstadt (60000)
        ├── Berlin (1)
        │   └── Mitte (80000)
        ├── Delhi (2)
        │   ├── Connaught Place (120000)
        │   └── Karol Bagh (95000)
        ├── Chandigarh (1)
        │   └── Sector 17 (55000)
        ├── Mumbai (2)
        │   ├── Colaba (110000)
        │   └── Bandra (85000)
        ├── Pune (1)
        │   └── Koregaon Park (65000)
        ├── Bangalore (2)
        │   ├── Indiranagar (105000)
        │   └── Koramangala (90000)
        ├── Chennai (1)
        │   └── T Nagar (75000)
        └── Kolkata (2)
            ├── Park Street (88000)
            └── Salt Lake (70000)
"
`;
